¡¾2021-12-31 14:22:35 DEBUG¡¿ 1214: debug
¡¾2021-12-31 14:22:35 INFO¡¿ 1215: info
¡¾2021-12-31 14:22:35 WARNING¡¿ 1216: warning
¡¾2021-12-31 14:22:35 ERROR¡¿ 1217: error
¡¾2021-12-31 14:22:49 DEBUG¡¿ 1214: debug
¡¾2021-12-31 14:22:50 INFO¡¿ 1215: info
¡¾2021-12-31 14:22:51 WARNING¡¿ 1216: warning
¡¾2021-12-31 14:22:51 ERROR¡¿ 1217: error
¡¾2021-12-31 14:25:15 DEBUG¡¿ 1214: ffff
¡¾2021-12-31 14:25:15 INFO¡¿ 1215: info
¡¾2021-12-31 14:25:15 WARNING¡¿ 1216: warning
¡¾2021-12-31 14:25:15 ERROR¡¿ 1217: error
